// Jest Snapshot v1, https://goo.gl/fbAQLP

exports[`AppNavigation.vue should render correctly 1`] = `
<div>
  <div
    class="nav-container"
  >
    <nav
      aria-label="appNavigation.primaryNavigation"
    >
      <ul
        class="nav mb-4 flex-column"
      />
    </nav>
  </div>
   
  <transition-stub
    name="fade"
  >
    <!---->
  </transition-stub>
</div>
`;

exports[`AppNavigation.vue should render with nav-container open 1`] = `
<div>
  <div
    class="nav-container"
  >
    <nav
      aria-label="appNavigation.primaryNavigation"
    >
      <ul
        class="nav mb-4 flex-column"
      />
    </nav>
  </div>
   
  <transition-stub
    name="fade"
  >
    <!---->
  </transition-stub>
</div>
`;
